yarn add v1.22.22
[1/4] Resolving packages...
warning Resolution field "underscore@1.13.8" is incompatible with requested version "underscore@1.13.6"
warning Resolution field "uuid@11.1.1" is incompatible with requested version "uuid@^8.3.2"
warning Resolution field "react-router@7.15.1" is incompatible with requested version "react-router@7.15.0"
warning Resolution field "resolve-url-loader@5.0.0" is incompatible with requested version "resolve-url-loader@^4.0.0"
warning Resolution field "webpack-dev-server@5.2.6" is incompatible with requested version "webpack-dev-server@^4.6.0"
warning Resolution field "serialize-javascript@7.0.5" is incompatible with requested version "serialize-javascript@^6.0.0"
warning Resolution field "@babel/plugin-transform-modules-systemjs@7.29.4" is incompatible with requested version "@babel/plugin-transform-modules-systemjs@^7.29.7"
warning Resolution field "serialize-javascript@7.0.5" is incompatible with requested version "serialize-javascript@^4.0.0"
warning Resolution field "nth-check@2.0.1" is incompatible with requested version "nth-check@^1.0.2"
warning Resolution field "@tootallnate/once@2.0.1" is incompatible with requested version "@tootallnate/once@1"
warning Resolution field "@eslint/plugin-kit@0.3.4" is incompatible with requested version "@eslint/plugin-kit@^0.2.7"
[2/4] Fetching packages...
[3/4] Linking dependencies...
warning " > @babel/plugin-transform-modules-systemjs@7.29.4" has unmet peer dependency "@babel/core@^7.0.0-0".
warning "@babel/plugin-transform-modules-systemjs > @babel/helper-module-transforms@7.29.7" has unmet peer dependency "@babel/core@^7.0.0".
warning "webpack-dev-server > webpack-dev-middleware > memfs@4.57.7" has unmet peer dependency "tslib@2".
warning " > react-day-picker@8.10.1" has incorrect peer dependency "date-fns@^2.28.0 || ^3.0.0".
warning " > react-day-picker@8.10.1" has incorrect peer dependency "react@^16.8.0 || ^17.0.0 || ^18.0.0".
warning " > @babel/plugin-proposal-private-property-in-object@7.21.11" has unmet peer dependency "@babel/core@^7.0.0-0".
warning "react-scripts > eslint-config-react-app > eslint-plugin-flowtype@8.0.3" has unmet peer dependency "@babel/plugin-syntax-flow@^7.14.5".
warning "react-scripts > eslint-config-react-app > eslint-plugin-flowtype@8.0.3" has unmet peer dependency "@babel/plugin-transform-react-jsx@^7.14.9".
warning "react-scripts > react-dev-utils > fork-ts-checker-webpack-plugin@6.5.3" has unmet peer dependency "typescript@>= 2.7".
warning "react-scripts > eslint-config-react-app > @typescript-eslint/eslint-plugin > tsutils@3.21.0" has unmet peer dependency "typescript@>=2.8.0 || >= 3.2.0-dev || >= 3.3.0-dev || >= 3.4.0-dev || >= 3.5.0-dev || >= 3.6.0-dev || >= 3.6.0-beta || >= 3.7.0-dev || >= 3.7.0-beta".
warning " > recharts@3.6.0" has unmet peer dependency "react-is@^16.8.0 || ^17.0.0 || ^18.0.0 || ^19.0.0".
warning "@craco/craco > cosmiconfig-typescript-loader@1.0.9" has unmet peer dependency "@types/node@*".
warning "@craco/craco > cosmiconfig-typescript-loader@1.0.9" has unmet peer dependency "typescript@>=3".
warning "@craco/craco > cosmiconfig-typescript-loader > ts-node@10.9.2" has unmet peer dependency "@types/node@*".
warning "@craco/craco > cosmiconfig-typescript-loader > ts-node@10.9.2" has unmet peer dependency "typescript@>=2.7".
warning "@react-three/fiber > its-fine > @types/react-reconciler@0.28.9" has unmet peer dependency "@types/react@*".
warning Workspaces can only be enabled in private projects.
warning Workspaces can only be enabled in private projects.
[4/4] Building fresh packages...
success Saved lockfile.
warning Workspaces can only be enabled in private projects.
warning Workspaces can only be enabled in private projects.
success Saved 11 new dependencies.
info Direct dependencies
├─ @react-three/fiber@9.7.0
└─ three@0.186.0
info All dependencies
├─ @react-three/fiber@9.7.0
├─ @types/react-reconciler@0.28.9
├─ @types/webxr@0.5.24
├─ base64-js@1.5.1
├─ buffer@6.0.3
├─ ieee754@1.2.1
├─ its-fine@2.0.0
├─ react-use-measure@2.1.7
├─ suspend-react@0.1.3
├─ three@0.186.0
└─ zustand@5.0.15
Done in 7.81s.
